// Jest Snapshot v1, https://goo.gl/fbAQLP

exports[`ApiCallScreen renders correctly 1`] = `
<RCTSafeAreaView
  style={
    {
      "backgroundColor": "transparent",
      "flex": 1,
    }
  }
  testID="AppSafeArea"
>
  <View
    style={
      [
        {
          "flex": 1,
        },
        {
          "gap": 32,
          "padding": 32,
        },
      ]
    }
    testID="Screens:ApiCallScreen"
  >
    <Text
      style={
        [
          {
            "color": "#000000",
            "fontFamily": "roboto",
            "fontSize": 24,
            "includeFontPadding": false,
          },
          undefined,
        ]
      }
    >
      Api Call Screen
    </Text>
    <View
      accessibilityState={
        {
          "busy": undefined,
          "checked": undefined,
          "disabled": false,
          "expanded": undefined,
          "selected": undefined,
        }
      }
      accessibilityValue={
        {
          "max": undefined,
          "min": undefined,
          "now": undefined,
          "text": undefined,
        }
      }
      accessible={true}
      collapsable={false}
      focusable={true}
      onBlur={[Function]}
      onClick={[Function]}
      onFocus={[Function]}
      onResponderGrant={[Function]}
      onResponderMove={[Function]}
      onResponderRelease={[Function]}
      onResponderTerminate={[Function]}
      onResponderTerminationRequest={[Function]}
      onStartShouldSetResponder={[Function]}
      style={
        [
          false,
          {
            "padding": 32,
          },
        ]
      }
      testID="ApiCallScreen:GetAllPokemon"
    >
      <Text
        style={
          [
            {
              "color": "#000000",
              "fontFamily": "roboto",
              "fontSize": 20,
              "includeFontPadding": false,
            },
            undefined,
          ]
        }
      >
        Get All Pokemon
      </Text>
    </View>
    <RCTScrollView
      data={[]}
      getItem={[Function]}
      getItemCount={[Function]}
      keyExtractor={[Function]}
      onContentSizeChange={[Function]}
      onLayout={[Function]}
      onMomentumScrollBegin={[Function]}
      onMomentumScrollEnd={[Function]}
      onScroll={[Function]}
      onScrollBeginDrag={[Function]}
      onScrollEndDrag={[Function]}
      removeClippedSubviews={false}
      renderItem={[Function]}
      scrollEventThrottle={0.0001}
      stickyHeaderIndices={[]}
      viewabilityConfigCallbackPairs={[]}
    >
      <View />
    </RCTScrollView>
  </View>
</RCTSafeAreaView>
`;
