// Jest Snapshot v1, https://goo.gl/fbAQLP

exports[`DummyScreen renders correctly 1`] = `null`;
